########################################################################################################
pią, 28 lut 2025, 09:02:09 CET

Path set to: /home/dawid/PSBBN-Definitive-English-Patch
Helper files found.
The Python virtual environment exists.
fatal: unable to access 'https://github.com/CosmicScale/PSBBN-Definitive-English-Patch.git/': Could not resolve host: github.com
The repository is up to date.
rm: cannot remove '/home/dawid/PSBBN-Definitive-English-Patch/package.json': No such file or directory
rm: cannot remove '/home/dawid/PSBBN-Definitive-English-Patch/package-lock.json': No such file or directory
rm: cannot remove '/home/dawid/PSBBN-Definitive-English-Patch/ps1.list': No such file or directory
rm: cannot remove '/home/dawid/PSBBN-Definitive-English-Patch/ps2.list': No such file or directory
rm: cannot remove '/home/dawid/PSBBN-Definitive-English-Patch/master.list': No such file or directory
rm: cannot remove '/home/dawid/PSBBN-Definitive-English-Patch/icons/art/tmp/*': No such file or directory
rm: cannot remove '/home/dawid/PSBBN-Definitive-English-Patch/missing-art.log': No such file or directory

MODEL                       NAME          SIZE LABEL    MOUNTPOINT
SanDisk X400 M.2 2280 128GB /dev/sda    119,2G          
                            ├─/dev/sda1    16M          
                            ├─/dev/sda2   540M          
                            ├─/dev/sda3   100M          /boot/efi
                            ├─/dev/sda4 117,8G          
                            └─/dev/sda5   854M          
LITEONIT LCT-512M3S         /dev/sdb    476,9G          
                            ├─/dev/sdb1    16M          
                            ├─/dev/sdb2   540M          
                            ├─/dev/sdb3   100M          
                            ├─/dev/sdb4 475,7G          
                            └─/dev/sdb5   533M          
Expansion                   /dev/sdc      1,4T          
                            └─/dev/sdc1   1,4T Retro    /media/dawid/Retro
TOSHIBA MQ01ABD050          /dev/sdd    465,8G          
                            ├─/dev/sdd1   512M          
                            └─/dev/sdd2 465,3G          /
ST2000LV000-2G2174          /dev/sde      1,8T          
                            ├─/dev/sde1   128G          
                            ├─/dev/sde2    32M RECOVERY 
                            └─/dev/sde3   1,7T OPL      /home/dawid/PSBBN-Definitive-English-Patch/OPL

Selected drive: "/dev/sde"

Unmounting /home/dawid/PSBBN-Definitive-English-Patch/OPL...
Successfully unmounted /home/dawid/PSBBN-Definitive-English-Patch/OPL.
All volumes unmounted for /dev/sde.

GAMES_PATH is valid: /home/dawid/PSBBN-Definitive-English-Patch/games

Open PS2 Loader (OPL) selected.

pfsshell for POSIX systems
https://github.com/ps2homebrew/pfsshell

This program uses pfs, apa, iomanX, 
code from ps2sdk (https://github.com/ps2dev/ps2sdk)

Type "help" for a list of commands.

> # (!) rmpart: unknown command or bad number of arguments.
# hdd: PS2 APA Driver v2.5 (c) 2003 Vector
hdd: max open = 1, 3 buffers
hdd: 23:02:54 02/27/2025
hdd: disk0: 0xe8e088af sectors, max 0x04000000
hdd: checking log...
hdd: drive status 0, format version 00000002
hdd: version 0000 driver start.
pfs Playstation Filesystem Driver v2.2
ps2fs: (c) 2003 Sjeep, Vector and Florin Sasu
pfs Max mount: 1, Max open: 1, Number of buffers: 10
pfs version 0000 driver start.

Checking installed apps:

Updating Disc Launcher...
pfsshell for POSIX systems
https://github.com/ps2homebrew/pfsshell

This program uses pfs, apa, iomanX, 
code from ps2sdk (https://github.com/ps2dev/ps2sdk)

Type "help" for a list of commands.

> # PP.DISC:/# PP.DISC:/# PP.DISC:/# PP.DISC:/# PP.DISC:/# PP.DISC:/# # hdd: PS2 APA Driver v2.5 (c) 2003 Vector
hdd: max open = 1, 3 buffers
hdd: 23:02:54 02/27/2025
hdd: disk0: 0xe8e088af sectors, max 0x04000000
hdd: checking log...
hdd: drive status 0, format version 00000002
hdd: version 0000 driver start.
pfs Playstation Filesystem Driver v2.2
ps2fs: (c) 2003 Sjeep, Vector and Florin Sasu
pfs Max mount: 1, Max open: 1, Number of buffers: 10
pfs version 0000 driver start.

Updating WLaunchELF...
pfsshell for POSIX systems
https://github.com/ps2homebrew/pfsshell

This program uses pfs, apa, iomanX, 
code from ps2sdk (https://github.com/ps2dev/ps2sdk)

Type "help" for a list of commands.

> # PP.WLE:/# PP.WLE:/# PP.WLE:/# PP.WLE:/# # hdd: PS2 APA Driver v2.5 (c) 2003 Vector
hdd: max open = 1, 3 buffers
hdd: 23:02:54 02/27/2025
hdd: disk0: 0xe8e088af sectors, max 0x04000000
hdd: checking log...
hdd: drive status 0, format version 00000002
hdd: version 0000 driver start.
pfs Playstation Filesystem Driver v2.2
ps2fs: (c) 2003 Sjeep, Vector and Florin Sasu
pfs Max mount: 1, Max open: 1, Number of buffers: 10
pfs version 0000 driver start.

Updating OPL/Neutrino...

pfsshell for POSIX systems
https://github.com/ps2homebrew/pfsshell

This program uses pfs, apa, iomanX, 
code from ps2sdk (https://github.com/ps2dev/ps2sdk)

Type "help" for a list of commands.

> # PP.LAUNCHER:/# PP.LAUNCHER:/# PP.LAUNCHER:/# PP.LAUNCHER:/# PP.LAUNCHER:/res# PP.LAUNCHER:/res# PP.LAUNCHER:/res# PP.LAUNCHER:/res# PP.LAUNCHER:/res# PP.LAUNCHER:/res# PP.LAUNCHER:/# (!) pfs0:/nhddl.elf.lch: No such file or directory.
(!) Exit code is -2.
PP.LAUNCHER:/# PP.LAUNCHER:/# # # # +OPL:/# +OPL:/# +OPL:/# +OPL:/# +OPL:/# +OPL:/# +OPL:/neutrino# +OPL:/neutrino# +OPL:/neutrino# +OPL:/neutrino# +OPL:/neutrino# +OPL:/neutrino# +OPL:/neutrino/config# +OPL:/neutrino/config# +OPL:/neutrino/config# +OPL:/neutrino/config# +OPL:/neutrino/config# +OPL:/neutrino/config# +OPL:/neutrino/config# +OPL:/neutrino/config# +OPL:/neutrino/config# +OPL:/neutrino/config# +OPL:/neutrino/config# +OPL:/neutrino/config# +OPL:/neutrino/config# +OPL:/neutrino/config# +OPL:/neutrino/config# +OPL:/neutrino/config# +OPL:/neutrino/config# +OPL:/neutrino/config# +OPL:/neutrino/config# +OPL:/neutrino/config# +OPL:/neutrino/config# +OPL:/neutrino/config# +OPL:/neutrino# +OPL:/neutrino/modules# +OPL:/neutrino/modules# +OPL:/neutrino/modules# +OPL:/neutrino/modules# +OPL:/neutrino/modules# +OPL:/neutrino/modules# +OPL:/neutrino/modules# +OPL:/neutrino/modules# +OPL:/neutrino/modules# +OPL:/neutrino/modules# +OPL:/neutrino/modules# +OPL:/neutrino/modules# +OPL:/neutrino/modules# +OPL:/neutrino/modules# +OPL:/neutrino/modules# +OPL:/neutrino/modules# +OPL:/neutrino/modules# +OPL:/neutrino/modules# +OPL:/neutrino/modules# +OPL:/neutrino/modules# +OPL:/neutrino/modules# +OPL:/neutrino/modules# +OPL:/neutrino/modules# +OPL:/neutrino/modules# +OPL:/neutrino/modules# +OPL:/neutrino/modules# +OPL:/neutrino/modules# +OPL:/neutrino/modules# +OPL:/neutrino/modules# +OPL:/neutrino/modules# +OPL:/neutrino/modules# +OPL:/neutrino/modules# +OPL:/neutrino/modules# +OPL:/neutrino/modules# +OPL:/neutrino/modules# +OPL:/neutrino/modules# +OPL:/neutrino/modules# +OPL:/neutrino/modules# +OPL:/neutrino/modules# +OPL:/neutrino/modules# +OPL:/neutrino/modules# +OPL:/# # hdd: PS2 APA Driver v2.5 (c) 2003 Vector
hdd: max open = 1, 3 buffers
hdd: 23:02:55 02/27/2025
hdd: disk0: 0xe8e088af sectors, max 0x04000000
hdd: checking log...
hdd: drive status 0, format version 00000002
hdd: version 0000 driver start.
pfs Playstation Filesystem Driver v2.2
ps2fs: (c) 2003 Sjeep, Vector and Florin Sasu
pfs Max mount: 1, Max open: 1, Number of buffers: 10
pfs version 0000 driver start.
Main partition of 128M created.
pfs: Format: log.number = 8224, log.count = 16
pfs: Format sub: sub = 0, sector start = 8208, sector end = 8211

Creating PS1 games list...
No PS1 games found in the POPS folder.

Creating PS2 games list...
0 % complete
Processing SLES_535.58.Need for Speed Most Wanted.iso
Filename meets condition. Game ID set directly from filename: SLES_535.58
Match found: ID='SLES_535.58' -> Game='Need for Speed: Most Wanted', Publisher='Electronic Arts'
5 % complete
Processing SLES_543.22.Need for Speed Carbon.iso
Filename meets condition. Game ID set directly from filename: SLES_543.22
Match found: ID='SLES_543.22' -> Game='Need for Speed: Carbon', Publisher='Electronic Arts'
11 % complete
Processing SLES_543.59.Legend of Spyro New Beginning.iso
Filename meets condition. Game ID set directly from filename: SLES_543.59
Match found: ID='SLES_543.59' -> Game='The Legend of Spyro: A New Beginning', Publisher=''
17 % complete
Processing SCES_532.02.Tekken 5.iso
Filename meets condition. Game ID set directly from filename: SCES_532.02
Match found: ID='SCES_532.02' -> Game='Tekken 5', Publisher='Namco'
23 % complete
Processing SLES_531.00.Scooby-Doo Unmasked.iso
Filename meets condition. Game ID set directly from filename: SLES_531.00
Match found: ID='SLES_531.00' -> Game='Scooby-Doo! Unmasked', Publisher=''
29 % complete
Processing SLES_548.15.Legend of Spyro Eternal Night.iso
Filename meets condition. Game ID set directly from filename: SLES_548.15
Match found: ID='SLES_548.15' -> Game='The Legend of Spyro: The Eternal Night', Publisher=''
35 % complete
Processing SLUS_219.28.Scooby-Doo and the Spooky Swamp.iso
Filename meets condition. Game ID set directly from filename: SLUS_219.28
Match found: ID='SLUS_219.28' -> Game='Scooby-Doo! and the Spooky Swamp', Publisher='Warner Interactive'
41 % complete
Processing SLES_555.98.Hugo Magic in the Trollwoods.iso
Filename meets condition. Game ID set directly from filename: SLES_555.98
Match found: ID='SLES_555.98' -> Game='Hugo: Magic in the Trollwoods', Publisher=''
47 % complete
Processing SLES_525.68.Crash Twinsanity.iso
Filename meets condition. Game ID set directly from filename: SLES_525.68
Match found: ID='SLES_525.68' -> Game='Crash Twinsanity', Publisher='Travellers Tales'
52 % complete
Processing SLES_530.64.FIFA.iso
Filename meets condition. Game ID set directly from filename: SLES_530.64
Match found: ID='SLES_530.64' -> Game='FIFA Street', Publisher='Electronic Arts'
58 % complete
Processing SLES_551.63.Legend of SpyroDawn of Dragon.iso
Filename meets condition. Game ID set directly from filename: SLES_551.63
Match found: ID='SLES_551.63' -> Game='The Legend of Spyro: Dawn of the Dragon', Publisher=''
64 % complete
Processing SLES_503.30.Grand Theft Auto III.iso
Filename meets condition. Game ID set directly from filename: SLES_503.30
Match found: ID='SLES_503.30' -> Game='Grand Theft Auto III', Publisher='Rockstar Games'
70 % complete
Processing SLES_553.53.Need for Speed Undercover.iso
Filename meets condition. Game ID set directly from filename: SLES_553.53
Match found: ID='SLES_553.53' -> Game='Need for Speed: Undercover', Publisher='Electronic Arts'
76 % complete
Processing SLES_510.61.GTA Vice City.iso
Filename meets condition. Game ID set directly from filename: SLES_510.61
Match found: ID='SLES_510.61' -> Game='Grand Theft Auto: Vice City', Publisher='Rockstar Games'
82 % complete
Processing SLES_554.76.Scooby-Doo First Frights.iso
Filename meets condition. Game ID set directly from filename: SLES_554.76
Match found: ID='SLES_554.76' -> Game='Scooby-Doo! First Frights', Publisher='Warner Brothers'
88 % complete
Processing SLES_539.67.OJCIEC.iso
Filename meets condition. Game ID set directly from filename: SLES_539.67
Match found: ID='SLES_539.67' -> Game='The Godfather', Publisher='Electronic Arts'
94 % complete
Processing SLES_518.83.Scooby-Doo Mystery Mayhem.iso
Filename meets condition. Game ID set directly from filename: SLES_518.83
Match found: ID='SLES_518.83' -> Game='Scooby-Doo! Mystery Mayhem', Publisher='THQ'
Done!

Games list successfully created.
Number of games to install: 17
master.list:
Crash Twinsanity|SLES_525.68|Travellers Tales|DVD|SLES_525.68.Crash Twinsanity.iso
FIFA Street|SLES_530.64|Electronic Arts|DVD|SLES_530.64.FIFA.iso
The Godfather|SLES_539.67|Electronic Arts|DVD|SLES_539.67.OJCIEC.iso
Grand Theft Auto III|SLES_503.30|Rockstar Games|DVD|SLES_503.30.Grand Theft Auto III.iso
Grand Theft Auto: Vice City|SLES_510.61|Rockstar Games|DVD|SLES_510.61.GTA Vice City.iso
Hugo: Magic in the Trollwoods|SLES_555.98||DVD|SLES_555.98.Hugo Magic in the Trollwoods.iso
The Legend of Spyro: A New Beginning|SLES_543.59||DVD|SLES_543.59.Legend of Spyro New Beginning.iso
The Legend of Spyro: The Eternal Night|SLES_548.15||DVD|SLES_548.15.Legend of Spyro Eternal Night.iso
The Legend of Spyro: Dawn of the Dragon|SLES_551.63||DVD|SLES_551.63.Legend of SpyroDawn of Dragon.iso
Need for Speed: Most Wanted|SLES_535.58|Electronic Arts|DVD|SLES_535.58.Need for Speed Most Wanted.iso
Need for Speed: Carbon|SLES_543.22|Electronic Arts|DVD|SLES_543.22.Need for Speed Carbon.iso
Need for Speed: Undercover|SLES_553.53|Electronic Arts|DVD|SLES_553.53.Need for Speed Undercover.iso
Scooby-Doo! and the Spooky Swamp|SLUS_219.28|Warner Interactive|DVD|SLUS_219.28.Scooby-Doo and the Spooky Swamp.iso
Scooby-Doo! First Frights|SLES_554.76|Warner Brothers|DVD|SLES_554.76.Scooby-Doo First Frights.iso
Scooby-Doo! Mystery Mayhem|SLES_518.83|THQ|DVD|SLES_518.83.Scooby-Doo Mystery Mayhem.iso
Scooby-Doo! Unmasked|SLES_531.00||DVD|SLES_531.00.Scooby-Doo Unmasked.iso
Tekken 5|SCES_532.02|Namco|DVD|SCES_532.02.Tekken 5.iso

Preparing to sync PS1 games...
Creating matching .ELF files for .VCDs...
Matching .ELF files created successfully.
Removing orphan .ELF files...
Orphan .ELF files removed successfully.
No files to delete.
No files to copy.
PS1 games are already synced.

pfsshell for POSIX systems
https://github.com/ps2homebrew/pfsshell

This program uses pfs, apa, iomanX, 
code from ps2sdk (https://github.com/ps2dev/ps2sdk)

Type "help" for a list of commands.

> # __.POPS:/# __.POPS:/# # hdd: PS2 APA Driver v2.5 (c) 2003 Vector
hdd: max open = 1, 3 buffers
hdd: 23:03:07 02/27/2025
hdd: disk0: 0xe8e088af sectors, max 0x04000000
hdd: checking log...
hdd: drive status 0, format version 00000002
hdd: version 0000 driver start.
pfs Playstation Filesystem Driver v2.2
ps2fs: (c) 2003 Sjeep, Vector and Florin Sasu
pfs Max mount: 1, Max open: 1, Number of buffers: 10
pfs version 0000 driver start.
./
../

Mounting OPL partition
mkdir: cannot create directory ‘/home/dawid/PSBBN-Definitive-English-Patch/OPL’: File exists

Syncing PS2 games...
sending incremental file list
sending incremental file list
SCES_532.02.Tekken 5.iso

         32.768   0%    0,00kB/s    0:00:00  
    578.125.824  14%  551,31MB/s    0:00:06  
  1.252.622.336  30%  597,58MB/s    0:00:04  
  1.929.019.392  47%  613,62MB/s    0:00:03  
  2.391.113.728  58%  570,36MB/s    0:00:02  
  2.567.274.496  62%  474,49MB/s    0:00:03  
  2.681.995.264  65%  340,96MB/s    0:00:04  
  2.768.076.800  67%  200,05MB/s    0:00:06  
  2.832.302.080  69%  105,11MB/s    0:00:11  
  2.880.798.720  70%   74,68MB/s    0:00:15  
  2.915.401.728  71%   55,59MB/s    0:00:20  
  2.946.072.576  71%   42,42MB/s    0:00:26  
  2.974.121.984  72%   33,72MB/s    0:00:32  
  2.999.287.808  73%   28,14MB/s    0:00:38  
  3.024.453.632  73%   25,85MB/s    0:00:40  
  3.049.619.456  74%   24,47MB/s    0:00:41  
  3.075.047.424  74%   23,84MB/s    0:00:42  
  3.101.261.824  75%   24,08MB/s    0:00:40  
  3.128.524.800  76%   24,57MB/s    0:00:38  
  3.156.836.352  76%   25,35MB/s    0:00:36  
  3.186.720.768  77%   26,44MB/s    0:00:33  
  3.215.818.752  78%   27,16MB/s    0:00:31  
  3.245.441.024  79%   27,70MB/s    0:00:30  
  3.272.441.856  79%   27,36MB/s    0:00:29  
  3.302.850.560  80%   27,48MB/s    0:00:28  
  3.329.851.392  81%   26,92MB/s    0:00:27  
  3.362.029.568  81%   27,60MB/s    0:00:26  
  3.390.668.800  82%   28,05MB/s    0:00:24  
  3.422.912.512  83%   28,53MB/s    0:00:23  
  3.453.845.504  84%   29,51MB/s    0:00:21  
  3.486.351.360  85%   29,54MB/s    0:00:20  
  3.519.381.504  85%   30,55MB/s    0:00:18  
  3.551.887.360  86%   30,56MB/s    0:00:17  
  3.585.441.792  87%   31,19MB/s    0:00:16  
  3.617.161.216  88%   30,99MB/s    0:00:15  
  3.646.521.344  88%   30,16MB/s    0:00:14  
  3.680.862.208  89%   30,66MB/s    0:00:13  
  3.709.960.192  90%   29,58MB/s    0:00:12  
  3.734.077.440  91%   27,81MB/s    0:00:12  
  3.768.156.160  91%   28,93MB/s    0:00:11  
  3.801.710.592  92%   28,74MB/s    0:00:10  
  3.829.497.856  93%   28,44MB/s    0:00:09  
  3.852.566.528  93%   28,19MB/s    0:00:08  
  3.894.247.424  94%   29,97MB/s    0:00:06  
  3.929.636.864  95%   30,34MB/s    0:00:05  
  3.960.832.000  96%   31,19MB/s    0:00:04  
  3.994.845.184  97%   33,80MB/s    0:00:03  
  4.037.115.904  98%   33,94MB/s    0:00:01  
  4.071.981.056  99%   33,88MB/s    0:00:00  
  4.100.685.824 100%   79,50MB/s    0:00:49 (xfr#1, to-chk=17/19)
SLES_503.30.Grand Theft Auto III.iso

         32.768   0%   31,75kB/s   41:06:50  
         65.536   0%   63,49kB/s   20:33:24  
     41.779.200   0%   19,81MB/s    0:03:49  
     80.314.368   1%   25,44MB/s    0:02:57  
    111.771.648   2%   26,54MB/s    0:02:48  
    137.920.512   2%   32,81MB/s    0:02:15  
    158.433.280   3%   27,74MB/s    0:02:39  
    173.375.488   3%   22,10MB/s    0:03:19  
    210.075.648   4%   23,34MB/s    0:03:07  
    254.836.736   5%   27,76MB/s    0:02:36  
    290.029.568   6%   31,30MB/s    0:02:17  
    318.865.408   6%   34,61MB/s    0:02:03  
    341.934.080   7%   31,41MB/s    0:02:15  
    359.759.872   7%   24,95MB/s    0:02:49  
    373.129.216   7%   19,76MB/s    0:03:33  
    413.859.840   8%   22,61MB/s    0:03:05  
    463.568.896   9%   28,92MB/s    0:02:23  
    500.465.664  10%   33,32MB/s    0:02:03  
    534.872.064  11%   38,23MB/s    0:01:46  
    560.037.888  11%   34,44MB/s    0:01:57  
    579.960.832  12%   27,45MB/s    0:02:26  
    595.951.616  12%   22,53MB/s    0:02:57  
    608.272.384  12%   17,32MB/s    0:03:50  
    616.923.136  13%   13,40MB/s    0:04:57  
    691.830.784  14%   26,37MB/s    0:02:28  
    745.897.984  15%   35,48MB/s    0:01:48  
    787.054.592  16%   42,29MB/s    0:01:30  
    819.298.304  17%   48,03MB/s    0:01:18  
    845.447.168  17%   36,22MB/s    0:01:43  
    866.484.224  18%   28,44MB/s    0:02:11  
    883.523.584  18%   22,76MB/s    0:02:43  
    897.155.072  19%   18,35MB/s    0:03:22  \00\00\00\00\00\00\00\00\00\00\00\00\00\00\00\00\00\00\00\00\00\00\00\00\00\00\00\00\00\00\00\00\00\00\00\00\00\00\00\00\00\00\00\00\00\00\00\00\00\00\00\00\00\00\00\00\00\00\00\00\00\00\00\00\00\00\00\00\00\00\00\00\00\00\00\00\00\00\00\00\00\00\00\00\00\00\00\00\00\00\00\00########################################################################################################
pią, 28 lut 2025, 10:52:20 CET

Path set to: /home/dawid/PSBBN-Definitive-English-Patch
Helper files found.
The Python virtual environment exists.
The repository is up to date.
rm: cannot remove '/home/dawid/PSBBN-Definitive-English-Patch/package.json': No such file or directory
rm: cannot remove '/home/dawid/PSBBN-Definitive-English-Patch/package-lock.json': No such file or directory
rm: cannot remove '/home/dawid/PSBBN-Definitive-English-Patch/ps1.list': No such file or directory
rm: cannot remove '/home/dawid/PSBBN-Definitive-English-Patch/ps2.list': No such file or directory
rm: cannot remove '/home/dawid/PSBBN-Definitive-English-Patch/master.list': No such file or directory
rm: cannot remove '/home/dawid/PSBBN-Definitive-English-Patch/icons/art/tmp/*': No such file or directory
rm: cannot remove '/home/dawid/PSBBN-Definitive-English-Patch/missing-art.log': No such file or directory

MODEL                       NAME          SIZE LABEL    MOUNTPOINT
SanDisk X400 M.2 2280 128GB /dev/sda    119,2G          
                            ├─/dev/sda1    16M          
                            ├─/dev/sda2   540M          
                            ├─/dev/sda3   100M          
                            ├─/dev/sda4 117,8G          
                            └─/dev/sda5   854M          
LITEONIT LCT-512M3S         /dev/sdb    476,9G          
                            ├─/dev/sdb1    16M          
                            ├─/dev/sdb2   540M          
                            ├─/dev/sdb3   100M          /boot/efi
                            ├─/dev/sdb4 475,7G          
                            └─/dev/sdb5   533M          
Expansion                   /dev/sdc      1,4T          
                            └─/dev/sdc1   1,4T Retro    /media/dawid/Retro
TOSHIBA MQ01ABD050          /dev/sdd    465,8G          
                            ├─/dev/sdd1   512M          
                            └─/dev/sdd2 465,3G          /
ST2000LV000-2G2174          /dev/sde      1,8T          
                            ├─/dev/sde1   128G          
                            ├─/dev/sde2    32M RECOVERY 
                            └─/dev/sde3   1,7T OPL      /media/dawid/OPL

Selected drive: "/dev/sde"

Unmounting /media/dawid/OPL...
Successfully unmounted /media/dawid/OPL.
All volumes unmounted for /dev/sde.

GAMES_PATH is valid: /home/dawid/PSBBN-Definitive-English-Patch/games

Open PS2 Loader (OPL) selected.

pfsshell for POSIX systems
https://github.com/ps2homebrew/pfsshell

This program uses pfs, apa, iomanX, 
code from ps2sdk (https://github.com/ps2dev/ps2sdk)

Type "help" for a list of commands.

> # (!) rmpart: unknown command or bad number of arguments.
# hdd: PS2 APA Driver v2.5 (c) 2003 Vector
hdd: max open = 1, 3 buffers
hdd: 00:52:45 02/28/2025
hdd: disk0: 0xe8e088af sectors, max 0x04000000
hdd: checking log...
hdd: drive status 0, format version 00000002
hdd: version 0000 driver start.
pfs Playstation Filesystem Driver v2.2
ps2fs: (c) 2003 Sjeep, Vector and Florin Sasu
pfs Max mount: 1, Max open: 1, Number of buffers: 10
pfs version 0000 driver start.

Checking installed apps:

Updating Disc Launcher...
pfsshell for POSIX systems
https://github.com/ps2homebrew/pfsshell

This program uses pfs, apa, iomanX, 
code from ps2sdk (https://github.com/ps2dev/ps2sdk)

Type "help" for a list of commands.

> # PP.DISC:/# PP.DISC:/# PP.DISC:/# PP.DISC:/# PP.DISC:/# PP.DISC:/# # hdd: PS2 APA Driver v2.5 (c) 2003 Vector
hdd: max open = 1, 3 buffers
hdd: 00:52:45 02/28/2025
hdd: disk0: 0xe8e088af sectors, max 0x04000000
hdd: checking log...
hdd: drive status 0, format version 00000002
hdd: version 0000 driver start.
pfs Playstation Filesystem Driver v2.2
ps2fs: (c) 2003 Sjeep, Vector and Florin Sasu
pfs Max mount: 1, Max open: 1, Number of buffers: 10
pfs version 0000 driver start.

Updating WLaunchELF...
pfsshell for POSIX systems
https://github.com/ps2homebrew/pfsshell

This program uses pfs, apa, iomanX, 
code from ps2sdk (https://github.com/ps2dev/ps2sdk)

Type "help" for a list of commands.

> # PP.WLE:/# PP.WLE:/# PP.WLE:/# PP.WLE:/# # hdd: PS2 APA Driver v2.5 (c) 2003 Vector
hdd: max open = 1, 3 buffers
hdd: 00:52:45 02/28/2025
hdd: disk0: 0xe8e088af sectors, max 0x04000000
hdd: checking log...
hdd: drive status 0, format version 00000002
hdd: version 0000 driver start.
pfs Playstation Filesystem Driver v2.2
ps2fs: (c) 2003 Sjeep, Vector and Florin Sasu
pfs Max mount: 1, Max open: 1, Number of buffers: 10
pfs version 0000 driver start.

Updating OPL/Neutrino...

pfsshell for POSIX systems
https://github.com/ps2homebrew/pfsshell

This program uses pfs, apa, iomanX, 
code from ps2sdk (https://github.com/ps2dev/ps2sdk)

Type "help" for a list of commands.

> # PP.LAUNCHER:/# PP.LAUNCHER:/# PP.LAUNCHER:/# PP.LAUNCHER:/# PP.LAUNCHER:/res# PP.LAUNCHER:/res# PP.LAUNCHER:/res# PP.LAUNCHER:/res# PP.LAUNCHER:/res# PP.LAUNCHER:/res# PP.LAUNCHER:/# (!) pfs0:/nhddl.elf.lch: No such file or directory.
(!) Exit code is -2.
PP.LAUNCHER:/# PP.LAUNCHER:/# # # # +OPL:/# +OPL:/# +OPL:/# +OPL:/# +OPL:/# +OPL:/# +OPL:/neutrino# +OPL:/neutrino# +OPL:/neutrino# +OPL:/neutrino# +OPL:/neutrino# +OPL:/neutrino# +OPL:/neutrino/config# +OPL:/neutrino/config# +OPL:/neutrino/config# +OPL:/neutrino/config# +OPL:/neutrino/config# +OPL:/neutrino/config# +OPL:/neutrino/config# +OPL:/neutrino/config# +OPL:/neutrino/config# +OPL:/neutrino/config# +OPL:/neutrino/config# +OPL:/neutrino/config# +OPL:/neutrino/config# +OPL:/neutrino/config# +OPL:/neutrino/config# +OPL:/neutrino/config# +OPL:/neutrino/config# +OPL:/neutrino/config# +OPL:/neutrino/config# +OPL:/neutrino/config# +OPL:/neutrino/config# +OPL:/neutrino/config# +OPL:/neutrino# +OPL:/neutrino/modules# +OPL:/neutrino/modules# +OPL:/neutrino/modules# +OPL:/neutrino/modules# +OPL:/neutrino/modules# +OPL:/neutrino/modules# +OPL:/neutrino/modules# +OPL:/neutrino/modules# +OPL:/neutrino/modules# +OPL:/neutrino/modules# +OPL:/neutrino/modules# +OPL:/neutrino/modules# +OPL:/neutrino/modules# +OPL:/neutrino/modules# +OPL:/neutrino/modules# +OPL:/neutrino/modules# +OPL:/neutrino/modules# +OPL:/neutrino/modules# +OPL:/neutrino/modules# +OPL:/neutrino/modules# +OPL:/neutrino/modules# +OPL:/neutrino/modules# +OPL:/neutrino/modules# +OPL:/neutrino/modules# +OPL:/neutrino/modules# +OPL:/neutrino/modules# +OPL:/neutrino/modules# +OPL:/neutrino/modules# +OPL:/neutrino/modules# +OPL:/neutrino/modules# +OPL:/neutrino/modules# +OPL:/neutrino/modules# +OPL:/neutrino/modules# +OPL:/neutrino/modules# +OPL:/neutrino/modules# +OPL:/neutrino/modules# +OPL:/neutrino/modules# +OPL:/neutrino/modules# +OPL:/neutrino/modules# +OPL:/neutrino/modules# +OPL:/neutrino/modules# +OPL:/# # hdd: PS2 APA Driver v2.5 (c) 2003 Vector
hdd: max open = 1, 3 buffers
hdd: 00:52:46 02/28/2025
hdd: disk0: 0xe8e088af sectors, max 0x04000000
hdd: checking log...
hdd: drive status 0, format version 00000002
hdd: version 0000 driver start.
pfs Playstation Filesystem Driver v2.2
ps2fs: (c) 2003 Sjeep, Vector and Florin Sasu
pfs Max mount: 1, Max open: 1, Number of buffers: 10
pfs version 0000 driver start.
Main partition of 128M created.
pfs: Format: log.number = 8224, log.count = 16
pfs: Format sub: sub = 0, sector start = 8208, sector end = 8211

Creating PS1 games list...
No PS1 games found in the POPS folder.

Creating PS2 games list...
0 % complete
Processing SLES_535.58.Need for Speed Most Wanted.iso
Filename meets condition. Game ID set directly from filename: SLES_535.58
Match found: ID='SLES_535.58' -> Game='Need for Speed: Most Wanted', Publisher='Electronic Arts'
5 % complete
Processing SLES_543.22.Need for Speed Carbon.iso
Filename meets condition. Game ID set directly from filename: SLES_543.22
Match found: ID='SLES_543.22' -> Game='Need for Speed: Carbon', Publisher='Electronic Arts'
11 % complete
Processing SLES_543.59.Legend of Spyro New Beginning.iso
Filename meets condition. Game ID set directly from filename: SLES_543.59
Match found: ID='SLES_543.59' -> Game='The Legend of Spyro: A New Beginning', Publisher=''
17 % complete
Processing SCES_532.02.Tekken 5.iso
Filename meets condition. Game ID set directly from filename: SCES_532.02
Match found: ID='SCES_532.02' -> Game='Tekken 5', Publisher='Namco'
23 % complete
Processing SLES_531.00.Scooby-Doo Unmasked.iso
Filename meets condition. Game ID set directly from filename: SLES_531.00
Match found: ID='SLES_531.00' -> Game='Scooby-Doo! Unmasked', Publisher=''
29 % complete
Processing SLES_548.15.Legend of Spyro Eternal Night.iso
Filename meets condition. Game ID set directly from filename: SLES_548.15
Match found: ID='SLES_548.15' -> Game='The Legend of Spyro: The Eternal Night', Publisher=''
35 % complete
Processing SLUS_219.28.Scooby-Doo and the Spooky Swamp.iso
Filename meets condition. Game ID set directly from filename: SLUS_219.28
Match found: ID='SLUS_219.28' -> Game='Scooby-Doo! and the Spooky Swamp', Publisher='Warner Interactive'
41 % complete
Processing SLES_555.98.Hugo Magic in the Trollwoods.iso
Filename meets condition. Game ID set directly from filename: SLES_555.98
Match found: ID='SLES_555.98' -> Game='Hugo: Magic in the Trollwoods', Publisher=''
47 % complete
Processing SLES_525.68.Crash Twinsanity.iso
Filename meets condition. Game ID set directly from filename: SLES_525.68
Match found: ID='SLES_525.68' -> Game='Crash Twinsanity', Publisher='Travellers Tales'
52 % complete
Processing SLES_530.64.FIFA.iso
Filename meets condition. Game ID set directly from filename: SLES_530.64
Match found: ID='SLES_530.64' -> Game='FIFA Street', Publisher='Electronic Arts'
58 % complete
Processing SLES_551.63.Legend of SpyroDawn of Dragon.iso
Filename meets condition. Game ID set directly from filename: SLES_551.63
Match found: ID='SLES_551.63' -> Game='The Legend of Spyro: Dawn of the Dragon', Publisher=''
64 % complete
Processing SLES_503.30.Grand Theft Auto III.iso
Filename meets condition. Game ID set directly from filename: SLES_503.30
Match found: ID='SLES_503.30' -> Game='Grand Theft Auto III', Publisher='Rockstar Games'
70 % complete
Processing SLES_553.53.Need for Speed Undercover.iso
Filename meets condition. Game ID set directly from filename: SLES_553.53
Match found: ID='SLES_553.53' -> Game='Need for Speed: Undercover', Publisher='Electronic Arts'
76 % complete
Processing SLES_510.61.GTA Vice City.iso
Filename meets condition. Game ID set directly from filename: SLES_510.61
Match found: ID='SLES_510.61' -> Game='Grand Theft Auto: Vice City', Publisher='Rockstar Games'
82 % complete
Processing SLES_554.76.Scooby-Doo First Frights.iso
Filename meets condition. Game ID set directly from filename: SLES_554.76
Match found: ID='SLES_554.76' -> Game='Scooby-Doo! First Frights', Publisher='Warner Brothers'
88 % complete
Processing SLES_539.67.OJCIEC.iso
Filename meets condition. Game ID set directly from filename: SLES_539.67
Match found: ID='SLES_539.67' -> Game='The Godfather', Publisher='Electronic Arts'
94 % complete
Processing SLES_518.83.Scooby-Doo Mystery Mayhem.iso
Filename meets condition. Game ID set directly from filename: SLES_518.83
Match found: ID='SLES_518.83' -> Game='Scooby-Doo! Mystery Mayhem', Publisher='THQ'
Done!

Games list successfully created.
Number of games to install: 17
master.list:
Crash Twinsanity|SLES_525.68|Travellers Tales|DVD|SLES_525.68.Crash Twinsanity.iso
FIFA Street|SLES_530.64|Electronic Arts|DVD|SLES_530.64.FIFA.iso
The Godfather|SLES_539.67|Electronic Arts|DVD|SLES_539.67.OJCIEC.iso
Grand Theft Auto III|SLES_503.30|Rockstar Games|DVD|SLES_503.30.Grand Theft Auto III.iso
Grand Theft Auto: Vice City|SLES_510.61|Rockstar Games|DVD|SLES_510.61.GTA Vice City.iso
Hugo: Magic in the Trollwoods|SLES_555.98||DVD|SLES_555.98.Hugo Magic in the Trollwoods.iso
The Legend of Spyro: A New Beginning|SLES_543.59||DVD|SLES_543.59.Legend of Spyro New Beginning.iso
The Legend of Spyro: The Eternal Night|SLES_548.15||DVD|SLES_548.15.Legend of Spyro Eternal Night.iso
The Legend of Spyro: Dawn of the Dragon|SLES_551.63||DVD|SLES_551.63.Legend of SpyroDawn of Dragon.iso
Need for Speed: Most Wanted|SLES_535.58|Electronic Arts|DVD|SLES_535.58.Need for Speed Most Wanted.iso
Need for Speed: Carbon|SLES_543.22|Electronic Arts|DVD|SLES_543.22.Need for Speed Carbon.iso
Need for Speed: Undercover|SLES_553.53|Electronic Arts|DVD|SLES_553.53.Need for Speed Undercover.iso
Scooby-Doo! and the Spooky Swamp|SLUS_219.28|Warner Interactive|DVD|SLUS_219.28.Scooby-Doo and the Spooky Swamp.iso
Scooby-Doo! First Frights|SLES_554.76|Warner Brothers|DVD|SLES_554.76.Scooby-Doo First Frights.iso
Scooby-Doo! Mystery Mayhem|SLES_518.83|THQ|DVD|SLES_518.83.Scooby-Doo Mystery Mayhem.iso
Scooby-Doo! Unmasked|SLES_531.00||DVD|SLES_531.00.Scooby-Doo Unmasked.iso
Tekken 5|SCES_532.02|Namco|DVD|SCES_532.02.Tekken 5.iso

Preparing to sync PS1 games...
Creating matching .ELF files for .VCDs...
Matching .ELF files created successfully.
Removing orphan .ELF files...
Orphan .ELF files removed successfully.
No files to delete.
No files to copy.
PS1 games are already synced.

pfsshell for POSIX systems
https://github.com/ps2homebrew/pfsshell

This program uses pfs, apa, iomanX, 
code from ps2sdk (https://github.com/ps2dev/ps2sdk)

Type "help" for a list of commands.

> # __.POPS:/# __.POPS:/# # hdd: PS2 APA Driver v2.5 (c) 2003 Vector
hdd: max open = 1, 3 buffers
hdd: 00:52:55 02/28/2025
hdd: disk0: 0xe8e088af sectors, max 0x04000000
hdd: checking log...
hdd: drive status 0, format version 00000002
hdd: version 0000 driver start.
pfs Playstation Filesystem Driver v2.2
ps2fs: (c) 2003 Sjeep, Vector and Florin Sasu
pfs Max mount: 1, Max open: 1, Number of buffers: 10
pfs version 0000 driver start.
./
../

Mounting OPL partition
mkdir: cannot create directory ‘/home/dawid/PSBBN-Definitive-English-Patch/OPL’: File exists

Syncing PS2 games...
sending incremental file list
deleting SLES_545.84.Pac-Man World Rally.iso
deleting SLES_527.34.Worms Forts - Under Siege.iso
deleting SLES_511.92.Harry Potter Chamber of Secrets.iso
deleting SLES_507.73.Disney s Donald Duck PK.iso
deleting SLES_506.47.Casper - Spirit Dimensions.iso
deleting SLES_505.89.WORMS BLAST.iso
deleting Inspector Gadget - Mad Robots Invasion.cue
deleting Inspector Gadget - Mad Robots Invasion.bin
deleting Garfield.cue
deleting Garfield.bin
deleting Dark Angel - Vampire Apocalypse.cue
deleting Dark Angel - Vampire Apocalypse.bin
sending incremental file list
deleting Star Wars - Super Bombad Racing (Europe).cue
deleting Star Wars - Super Bombad Racing (Europe).bin
deleting Star Wars - Starfighter (Europe).cue
deleting Star Wars - Starfighter (Europe).bin
deleting SLES_555.65.Teenage Mutant Ninja Turtles.iso
deleting SLES_554.42.Tomb Raider Underworld.iso
deleting SLES_554.29.Disney Bolt.iso
deleting SLES_552.72.SPONGEBOB GLOBS OF DOOM.iso
deleting SLES_552.04.Crash Mind over Mutant.iso
deleting SLES_551.63.Legend of Spyro Dawn Dragon.iso
deleting SLES_551.09.The Spiderwick Chronicles.iso
deleting SLES_550.31.DREAMWORKS KUNG FU PANDA.iso
deleting SLES_548.41.Crash of the Titans.iso
deleting SLES_547.23.Spider-Man 3.iso
deleting SLES_546.74.TOMB RAIDER ANNIVERSARY.iso
deleting SLES_543.59.Legend of Spyro A New Beginning.iso
deleting SLES_543.16.OPEN SEASON.iso
deleting SLES_539.08.Lara Croft Tomb Raider Legend.iso
deleting SLES_538.52.Taito Legends 2.iso
deleting SLES_538.50.Teenage Mutant Ninja Turtles 3.iso
deleting SLES_537.68.The Sword of Etheria.iso
deleting SLES_536.72.Ultimate Spider-Man.iso
deleting SLES_536.24.DisneyPixar Cars.iso
deleting SLES_535.23.GUN.iso
deleting SLES_535.21.Musashi - Samurai Legend.iso
deleting SLES_534.39.Crash Tag Team Racing.iso
deleting SLES_533.63.SHIN MEGAMI TENSEI LUCIFERS.iso
deleting SLES_533.46.Dragon Ball Z - Budokai 3.iso
deleting SLES_531.55.STAR WARS REVENGE SITH.iso
deleting SLES_530.17.Teenage Mutant NinjaTurtles 2.iso
deleting SLES_528.12.DisneyPixar The Incredibles.iso
deleting SLES_526.46.Tom Clancys Ghost Recon 2.iso
deleting SLES_526.36.Colin McRae Rally 2005.iso
deleting SLES_525.69.SPYRO - A HEROS TAIL.iso
deleting SLES_525.45.STAR WARS - BATTLEFRONT.iso
deleting SLES_523.72.SPIDER-MAN 2.iso
deleting SLES_521.52.TERMINATOR 3.iso
deleting SLES_519.76.Tom Clancys Ghost Recon.iso
deleting SLES_511.81.Tom Clancys Ghost Recon.iso
deleting SLES_510.43.Spyro - Enter the Dragonfly.iso
deleting SLES_509.22.The Terminator - Dawn of Fate.iso
deleting SLES_508.31.STAR WARS - BOUNTY HUNTER.iso
deleting SLES_508.26.STAR WARS - THE CLONE WARS.iso
deleting SLES_508.12.Spider-Man.iso
deleting SLES_503.71.Star Wars Jedi Starfighter.iso
deleting SLES_503.50.Disneys Tarzan Freeride.iso
deleting SLES_500.48.Donald Duck Quack Attack.iso
deleting SCES_550.19.Ratchet Clank - Size Matters.iso
deleting SCES_534.09.SLY 3 - HONOR AMONG THIEVES.iso
deleting SCES_530.54.Tekkens Nina Williams.iso
deleting SCES_525.29.SLY 2 - BAND OF THIEVES.iso
deleting SCES_516.35.Brave Search for Spirit Dancer.iso
deleting SCES_516.08.Jak II Renegade.iso
deleting SCES_511.59.The Getaway.iso
deleting PAPX_905.06.Dark Chronicle.iso
SLES_503.30.Grand Theft Auto III.iso

         32.768   0%    0,00kB/s    0:00:00  
     73.170.944   1%   69,75MB/s    0:01:04  
    169.705.472   3%   80,91MB/s    0:00:54  
    263.487.488   5%   83,78MB/s    0:00:51  
    379.158.528   8%   90,41MB/s    0:00:46  
    466.386.944   9%   93,77MB/s    0:00:44  
    559.710.208  11%   93,01MB/s    0:00:43  
    649.887.744  13%   92,10MB/s    0:00:42  
    738.459.648  15%   85,66MB/s    0:00:45  
    841.777.152  17%   89,50MB/s    0:00:42  
    938.311.680  19%   90,27MB/s    0:00:40  
  1.043.103.744  22%   93,80MB/s    0:00:38  
  1.139.310.592  24%   95,62MB/s    0:00:36  
  1.255.440.384  26%   98,65MB/s    0:00:34  
  1.359.773.696  28%  100,48MB/s    0:00:32  
  1.429.176.320  30%   92,05MB/s    0:00:34  
  1.532.395.520  32%   93,72MB/s    0:00:32  
  1.633.320.960  34%   90,12MB/s    0:00:33  
  1.732.542.464  36%   88,94MB/s    0:00:32  
  1.839.497.216  39%   97,88MB/s    0:00:28  
  1.937.997.824  41%   96,75MB/s    0:00:27  
  1.977.974.784  42%   82,19MB/s    0:00:32  
  2.079.817.728  44%   82,82MB/s    0:00:30  
  2.168.291.328  46%   78,43MB/s    0:00:31  
  2.267.381.760  48%   78,55MB/s    0:00:30  
  2.347.532.288  49%   87,96MB/s    0:00:26  
  2.446.589.952  52%   87,29MB/s    0:00:25  
  2.536.800.256  53%   87,57MB/s    0:00:24  
  2.638.315.520  56%   88,15MB/s    0:00:22  
  2.735.308.800  58%   92,38MB/s    0:00:20  
  2.826.534.912  60%   90,50MB/s    0:00:20  
  2.934.472.704  62%   94,86MB/s    0:00:18  
  3.026.485.248  64%   92,57MB/s    0:00:17  
  3.123.478.528  66%   92,55MB/s    0:00:16  
  3.215.032.320  68%   92,65MB/s    0:00:15  
  3.314.384.896  70%   90,58MB/s    0:00:14  
  3.416.621.056  72%   93,04MB/s    0:00:13  
  3.523.575.808  74%   95,41MB/s    0:00:12  
  3.622.797.312  77%   97,27MB/s    0:00:10  
  3.722.543.104  79%   97,34MB/s    0:00:09  
  3.819.012.096  81%   95,96MB/s    0:00:08  
  3.908.141.056  83%   91,73MB/s    0:00:08  
  4.000.514.048  85%   90,10MB/s    0:00:07  
  4.091.379.712  87%   87,98MB/s    0:00:06  
  4.143.808.512  88%   77,48MB/s    0:00:06  
  4.186.537.984  89%   66,31MB/s    0:00:07  
  4.223.762.432  89%   53,04MB/s    0:00:08  
  4.258.103.296  90%   39,61MB/s    0:00:10  
  4.290.347.008  91%   34,76MB/s    0:00:11  
  4.323.901.440  92%   32,60MB/s    0:00:11  
  4.356.669.440  92%   31,55MB/s    0:00:10  
  4.389.175.296  93%   31,12MB/s    0:00:09  
  4.421.681.152  94%   31,22MB/s    0:00:08  
  4.455.759.872  94%   31,36MB/s    0:00:07  
  4.489.576.448  95%   31,67MB/s    0:00:06  
  4.523.327.488  96%   31,97MB/s    0:00:05  
  4.559.503.360  97%   32,83MB/s    0:00:04  
  4.595.482.624  97%   33,24MB/s    0:00:03  
  4.631.068.672  98%   33,68MB/s    0:00:01  
  4.665.999.360  99%   33,95MB/s    0:00:00  
  4.698.767.360 100%   74,69MB/s    0:00:59 (xfr#1, to-chk=16/19)
SLES_510.61.GTA Vice City.iso

         32.768   0%   32,32kB/s   40:22:47  
      1.343.488   0%    1,28MB/s    0:59:40  
     36.274.176   0%   17,24MB/s    0:04:24  
     70.615.040   1%   22,34MB/s    0:03:22  
    104.693.760   2%   24,88MB/s    0:03:00  
    139.558.912   2%   32,81MB/s    0:02:15  
    174.292.992   3%   32,82MB/s    0:02:14  
    209.289.216   4%   32,98MB/s    0:02:12  
    244.678.656   5%   33,23MB/s    0:02:10  
    279.543.808   5%   33,23MB/s    0:02:09  
    314.408.960   6%   33,22MB/s    0:02:08  
    349.274.112   7%   33,24MB/s    0:02:07  
    384.139.264   8%   33,16MB/s    0:02:07  
    418.742.272   8%   33,13MB/s    0:02:06  
    453.607.424   9%   33,15MB/s    0:02:05  
    489.259.008  10%   33,27MB/s    0:02:03  
    524.910.592  11%   33,38MB/s    0:02:02  
    561.283.072  11%   33,80MB/s    0:01:59  
    597.262.336  12%   34,01MB/s    0:01:57  
    633.176.064  13%   34,13MB/s    0:01:56  
    669.089.792  14%   34,26MB/s    0:01:54  
    705.527.808  15%   34,20MB/s    0:01:54  
    741.441.536  15%   34,25MB/s    0:01:52  
    777.289.728  16%   34,24MB/s    0:01:51  
    812.482.560  17%   34,08MB/s    0:01:51  
    848.068.608  18%   33,94MB/s    0:01:50  
    883.720.192  18%   33,89MB/s    0:01:49  
    919.076.864  19%   33,80MB/s    0:01:49  
    954.040.320  20%   33,71MB/s    0:01:48  
    989.429.760  21%   33,59MB/s    0:01:47  
  1.025.081.344  21%   33,51MB/s    0:01:47  
  1.060.798.464  22%   33,60MB/s    0:01:45  
  1.096.122.368  23%   33,74MB/s    0:01:44  
  1.131.773.952  24%   33,87MB/s    0:01:42  
  1.167.818.752  24%   34,04MB/s    0:01:41  
  1.203.339.264  25%   33,97MB/s    0:01:40  
  1.239.515.136  26%   34,14MB/s    0:01:38  
  1.275.494.400  27%   34,24MB/s    0:01:37  
  1.311.866.880  27%   34,28MB/s    0:01:36  
  1.348.304.896  28%   34,47MB/s    0:01:34  
  1.385.267.200  29%   34,66MB/s    0:01:33  
  1.422.229.504  30%   34,80MB/s    0:01:31  
  1.459.191.808  31%   34,95MB/s    0:01:30  
  1.496.678.400  31%   35,26MB/s    0:01:28  
  1.533.902.848  32%   35,31MB/s    0:01:27  
  1.571.651.584  33%   35,51MB/s    0:01:25  
  1.601.994.752  34%   33,68MB/s    0:01:29  
  1.620.344.832  34%   29,09MB/s    0:01:43  
  1.647.083.520  35%   26,61MB/s    0:01:51  
  1.662.812.160  35%   21,06MB/s    0:02:20  
  1.671.725.056  35%   16,20MB/s    0:03:02  
  1.684.570.112  35%   14,92MB/s    0:03:17  
  1.693.220.864  36%   10,71MB/s    0:04:34  
  1.708.425.216  36%   10,73MB/s    0:04:32  
  1.727.823.872  36%   13,13MB/s    0:03:40  
  1.750.892.544  37%   15,49MB/s    0:03:05  
  1.769.766.912  37%   17,93MB/s    0:02:39  
  1.786.544.128  38%   18,41MB/s    0:02:34  
  1.801.748.480  38%   17,50MB/s    0:02:41  
  1.820.098.560  38%   16,04MB/s    0:02:55  
  1.832.157.184  38%   14,40MB/s    0:03:14  
  1.856.274.432  39%   16,02MB/s    0:02:53  
  1.876.983.808  39%   17,29MB/s    0:02:39  
  1.896.120.320  40%   17,79MB/s    0:02:33  
  1.908.178.944  40%   17,85MB/s    0:02:32  
  1.916.043.264  40%   13,95MB/s    0:03:14  
  1.924.694.016  40%   10,92MB/s    0:04:08  
  1.934.917.632  41%    8,87MB/s    0:05:04  
  1.947.500.544  41%    8,98MB/s    0:04:59  
  1.964.277.760  41%   11,08MB/s    0:04:00  
  1.977.122.816  42%   12,33MB/s    0:03:35  
  1.988.919.296  42%   12,72MB/s    0:03:28  
  2.000.191.488  42%   12,34MB/s    0:03:33  
  2.002.550.784  42%    8,25MB/s    0:05:18  
  2.005.696.512  42%    5,99MB/s    0:07:19  
  2.014.347.264  42%    4,96MB/s    0:08:48  
  2.030.862.336  43%    5,98MB/s    0:07:15  
  2.055.503.872  43%   11,10MB/s    0:03:52  
  2.131.787.776  45%   27,21MB/s    0:01:32  
  2.246.148.096  47%   54,50MB/s    0:00:43  
  2.332.295.168  49%   71,49MB/s    0:00:32  
  2.352.250.880  50%   70,61MB/s    0:00:32  
  2.363.260.928  50%   54,36MB/s    0:00:41  
  2.372.173.824  50%   29,20MB/s    0:01:17  
  2.386.329.600  50%   12,37MB/s    0:03:02  
  2.401.796.096  51%   11,35MB/s    0:03:17  
  2.414.641.152  51%   11,86MB/s    0:03:08  
  2.424.078.336  51%   12,11MB/s    0:03:03  
  2.442.166.272  51%   13,00MB/s    0:02:49  
  2.454.487.040  52%   12,22MB/s    0:02:59  
  2.470.739.968  52%   12,99MB/s    0:02:47  
  2.492.497.920  53%   15,67MB/s    0:02:17  
  2.510.061.568  53%   15,56MB/s    0:02:17  
  2.524.217.344  53%   16,02MB/s    0:02:12  
  2.539.421.696  54%   15,81MB/s    0:02:13  
  2.559.606.784  54%   15,64MB/s    0:02:13  
  2.598.666.240  55%   20,94MB/s    0:01:37  
  2.690.416.640  57%   36,40MB/s    0:00:53  
  2.758.049.792  58%   46,82MB/s    0:00:40  
  2.775.875.584  59%   45,82MB/s    0:00:40  
  2.795.798.528  59%   39,88MB/s    0:00:46  
  2.814.935.040  59%   26,84MB/s    0:01:08  
  2.831.712.256  60%   16,21MB/s    0:01:52  
  2.870.837.248  61%   21,16MB/s    0:01:24  
  2.979.823.616  63%   43,16MB/s    0:00:38  
  3.097.788.416  65%   66,99MB/s    0:00:23  
  3.193.733.120  67%   86,31MB/s    0:00:17  
  3.311.304.704  70%  105,02MB/s    0:00:12  
  3.416.358.912  72%  104,10MB/s    0:00:12  
  3.528.753.152  75%  102,80MB/s    0:00:11  
  3.641.999.360  77%  106,88MB/s    0:00:09  
  3.716.972.544  79%   96,41MB/s    0:00:09  
  3.810.295.808  81%   93,62MB/s    0:00:09  
  3.927.212.032  83%   94,62MB/s    0:00:07  
  4.042.588.160  86%   95,20MB/s    0:00:06  
  4.158.947.328  88%  105,38MB/s    0:00:05  
  4.274.290.688  90%  110,65MB/s    0:00:03  
  4.352.409.600  92%  101,45MB/s    0:00:03  
  4.420.042.752  94%   90,04MB/s    0:00:03  
  4.481.646.592  95%   77,00MB/s    0:00:02  
  4.537.810.944  96%   62,81MB/s    0:00:02  
  4.592.074.752  97%   57,07MB/s    0:00:01  
  4.641.619.968  98%   52,71MB/s    0:00:01  
  4.690.575.360  99%   49,68MB/s    0:00:00  
  4.698.767.360 100%   35,51MB/s    0:02:06 (xfr#2, to-chk=15/19)
SLES_518.83.Scooby-Doo Mystery Mayhem.iso

         32.768   0%  131,15kB/s    7:51:40  
     39.682.048   1%   37,84MB/s    0:01:34  
     83.656.704   2%   39,91MB/s    0:01:28  
    127.500.288   3%   40,46MB/s    0:01:26  
    171.540.480   4%   40,77MB/s    0:01:24  
    214.728.704   5%   41,60MB/s    0:01:22  
    255.688.704   6%   40,80MB/s    0:01:22  
    296.517.632   7%   40,15MB/s    0:01:23  
    336.691.200   9%   39,23MB/s    0:01:24  
    376.209.408  10%   38,36MB/s    0:01:24  
    415.531.008  11%   38,03MB/s    0:01:24  
    454.852.608  12%   37,68MB/s    0:01:24  
    493.977.600  13%   37,47MB/s    0:01:23  
    533.299.200  14%   37,38MB/s    0:01:23  
    572.293.120  15%   37,28MB/s    0:01:22  
    611.155.968  16%   37,11MB/s    0:01:21  
    649.691.136  17%   36,91MB/s    0:01:21  
    688.160.768  18%   36,76MB/s    0:01:20  
    722.763.776  19%   35,06MB/s    0:01:23  
    766.803.968  20%   36,32MB/s    0:01:19  
    804.028.416  21%   36,08MB/s    0:01:18  
    841.580.544  22%   35,81MB/s    0:01:18  
    879.067.136  23%   37,17MB/s    0:01:14  
    916.488.192  24%   35,47MB/s    0:01:16  
    955.023.360  25%   35,81MB/s    0:01:15  
    992.051.200  26%   35,64MB/s    0:01:14  
  1.029.537.792  27%   35,63MB/s    0:01:13  
  1.066.762.240  28%   35,67MB/s    0:01:12  
  1.104.445.440  29%   35,40MB/s    0:01:11  
  1.141.669.888  30%   35,49MB/s    0:01:10  
  1.180.794.880  31%   35,87MB/s    0:01:08  
  1.218.543.616  32%   36,01MB/s    0:01:07  
  1.256.554.496  33%   36,08MB/s    0:01:06  
  1.294.827.520  34%   36,35MB/s    0:01:04  
  1.332.314.112  35%   35,96MB/s    0:01:04  
  1.370.062.848  36%   35,97MB/s    0:01:03  
  1.407.811.584  37%   35,92MB/s    0:01:02  
  1.445.298.176  38%   35,77MB/s    0:01:01  
  1.482.457.088  39%   35,72MB/s    0:01:00  
  1.520.271.360  40%   35,77MB/s    0:00:59  
  1.558.020.096  41%   35,75MB/s    0:00:58  
  1.595.506.688  42%   35,71MB/s    0:00:57  
  1.633.517.568  44%   35,85MB/s    0:00:56  
  1.671.004.160  45%   35,78MB/s    0:00:55  
  1.708.752.896  46%   35,84MB/s    0:00:54  
  1.746.763.776  47%   35,92MB/s    0:00:53  
  1.784.512.512  48%   35,88MB/s    0:00:52  
  1.822.523.392  49%   35,92MB/s    0:00:51  
  1.860.272.128  50%   35,91MB/s    0:00:50  
  1.898.020.864  51%   35,94MB/s    0:00:49  
  1.935.966.208  52%   36,02MB/s    0:00:48  
  1.973.256.192  53%   35,88MB/s    0:00:47  
  2.011.004.928  54%   35,81MB/s    0:00:46  
  2.048.229.376  55%   35,63MB/s    0:00:45  
  2.079.948.800  56%   34,15MB/s    0:00:46  
  2.126.610.432  57%   36,38MB/s    0:00:42  
  2.165.407.744  58%   36,66MB/s    0:00:41  
  2.205.646.848  59%   37,45MB/s    0:00:39  
  2.245.885.952  60%   39,39MB/s    0:00:36  
  2.285.993.984  61%   37,89MB/s    0:00:36  
  2.327.085.056  62%   38,32MB/s    0:00:35  
  2.369.093.632  63%   38,70MB/s    0:00:33  
  2.409.922.560  64%   38,90MB/s    0:00:32  
  2.450.882.560  66%   39,08MB/s    0:00:31  
  2.491.777.024  67%   39,16MB/s    0:00:30  
  2.522.120.192  67%   36,39MB/s    0:00:31  
  2.574.548.992  69%   39,17MB/s    0:00:28  
  2.614.394.880  70%   38,93MB/s    0:00:27  
  2.653.519.872  71%   38,53MB/s    0:00:26  
  2.692.841.472  72%   40,70MB/s    0:00:24  
  2.717.155.328  73%   33,76MB/s    0:00:28  
  2.772.008.960  74%   37,32MB/s    0:00:24  
  2.810.544.128  75%   37,15MB/s    0:00:23  
  2.849.013.760  76%   36,95MB/s    0:00:22  
  2.887.024.640  77%   40,45MB/s    0:00:19  
  2.925.101.056  78%   36,40MB/s    0:00:21  
  2.963.111.936  79%   36,29MB/s    0:00:20  
  3.001.122.816  80%   36,18MB/s    0:00:19  
  3.038.871.552  81%   36,09MB/s    0:00:18  
  3.076.816.896  82%   36,10MB/s    0:00:17  
  3.114.565.632  83%   36,04MB/s    0:00:16  
  3.152.904.192  84%   36,04MB/s    0:00:15  
  3.190.915.072  85%   36,15MB/s    0:00:14  
  3.229.188.096  87%   36,18MB/s    0:00:13  
  3.267.657.728  88%   36,37MB/s    0:00:11  
  3.305.734.144  89%   36,34MB/s    0:00:10  
  3.344.269.312  90%   36,43MB/s    0:00:09  
  3.383.001.088  91%   36,58MB/s    0:00:08  
  3.421.077.504  92%   36,37MB/s    0:00:07  
  3.458.826.240  93%   36,34MB/s    0:00:06  
  3.497.099.264  94%   36,21MB/s    0:00:05  
  3.535.110.144  95%   35,95MB/s    0:00:04  
  3.573.121.024  96%   36,00MB/s    0:00:03  
  3.610.869.760  97%   35,99MB/s    0:00:02  
  3.648.815.104  98%   36,03MB/s    0:00:01  
  3.686.563.840  99%   36,05MB/s    0:00:00  
  3.711.631.360 100%   36,83MB/s    0:01:36 (xfr#3, to-chk=14/19)
SLES_525.68.Crash Twinsanity.iso

         32.768   0%   46,24kB/s   15:22:01  
     12.681.216   0%   12,02MB/s    0:03:26  
     50.692.096   1%   24,09MB/s    0:01:41  
     88.702.976   3%   28,08MB/s    0:01:25  
    126.976.000   4%   30,16MB/s    0:01:18  
    164.986.880   6%   36,18MB/s    0:01:04  
    202.145.792   7%   35,91MB/s    0:01:04  
    240.943.104   9%   36,14MB/s    0:01:02  
    279.019.520  10%   36,04MB/s    0:01:01  
    316.964.864  12%   36,09MB/s    0:01:00  
    354.779.136  13%   36,32MB/s    0:00:59  
    392.527.872  15%   36,09MB/s    0:00:58  
    430.276.608  16%   36,08MB/s    0:00:57  
    468.025.344  18%   36,03MB/s    0:00:56  
    506.036.224  19%   36,08MB/s    0:00:55  
    543.981.568  21%   36,13MB/s    0:00:54  
    581.795.840  22%   36,11MB/s    0:00:53  
    620.003.328  24%   36,18MB/s    0:00:52  
    658.800.640  25%   36,37MB/s    0:00:51  
    697.401.344  27%   36,45MB/s    0:00:49  
    736.198.656  28%   36,67MB/s    0:00:48  
    774.995.968  30%   36,82MB/s    0:00:47  
    813.465.600  31%   36,73MB/s    0:00:46  
    851.738.624  33%   36,70MB/s    0:00:45  
    889.815.040  34%   36,59MB/s    0:00:44  
    927.760.384  36%   36,40MB/s    0:00:43  
    965.509.120  37%   36,23MB/s    0:00:42  
  1.003.323.392  39%   36,10MB/s    0:00:42  
  1.041.596.416  40%   36,15MB/s    0:00:40  
  1.080.131.584  42%   36,18MB/s    0:00:39  
  1.117.880.320  43%   36,18MB/s    0:00:38  
  1.155.891.200  45%   36,19MB/s    0:00:37  
  1.193.639.936  46%   36,06MB/s    0:00:36  
  1.231.060.992  48%   35,90MB/s    0:00:36  
  1.269.137.408  49%   35,90MB/s    0:00:35  
  1.306.886.144  51%   35,94MB/s    0:00:34  
  1.345.093.632  52%   35,91MB/s    0:00:32  
  1.385.529.344  54%   36,63MB/s    0:00:31  
  1.425.309.696  55%   36,97MB/s    0:00:29  
  1.465.483.264  57%   37,52MB/s    0:00:28  
  1.497.989.120  58%   36,31MB/s    0:00:28  
  1.529.184.256  59%   34,06MB/s    0:00:29  
  1.539.080.192  60%   26,92MB/s    0:00:36  
  1.547.206.656  60%   19,28MB/s    0:00:51  
  1.556.381.696  60%   13,68MB/s    0:01:11  
  1.566.867.456  61%    8,72MB/s    0:01:51  
  1.578.401.792  61%    9,11MB/s    0:01:45  
  1.585.741.824  61%    8,89MB/s    0:01:46  
  1.593.081.856  62%    8,42MB/s    0:01:52  
  1.650.556.928  64%   19,46MB/s    0:00:45  
  1.711.112.192  66%   31,02MB/s    0:00:26  
  1.791.262.720  70%   48,40MB/s    0:00:15  
  1.847.361.536  72%   60,62MB/s    0:00:11  
  1.902.477.312  74%   60,03MB/s    0:00:10  
  1.951.694.848  76%   57,32MB/s    0:00:10  
  2.000.453.632  78%   49,84MB/s    0:00:10  
  2.025.619.456  79%   42,31MB/s    0:00:12  
  2.090.958.848  81%   44,78MB/s    0:00:10  
  2.154.594.304  84%   47,98MB/s    0:00:08  
  2.202.304.512  86%   47,64MB/s    0:00:07  
  2.223.800.320  86%   46,74MB/s    0:00:06  
  2.261.549.056  88%   40,22MB/s    0:00:07  
  2.332.852.224  91%   42,23MB/s    0:00:05  
  2.363.064.320  92%   38,17MB/s    0:00:04  
  2.416.279.552  94%   45,80MB/s    0:00:03  
  2.445.574.144  95%   43,69MB/s    0:00:02  
  2.500.689.920  97%   39,83MB/s    0:00:01  
  2.538.110.976  99%   41,54MB/s    0:00:00  
  2.558.263.296 100%   35,97MB/s    0:01:07 (xfr#4, to-chk=13/19)
SLES_530.64.FIFA.iso

         32.768   0%   77,48kB/s   16:50:42  
     14.974.976   0%   13,58MB/s    0:05:36  
     68.976.640   1%   32,07MB/s    0:02:20  
    110.395.392   2%   34,28MB/s    0:02:10  
    152.535.040   3%   35,74MB/s    0:02:04  
    193.822.720   4%   42,40MB/s    0:01:43  
    235.503.616   5%   39,47MB/s    0:01:50  
    273.448.960   5%   38,46MB/s    0:01:52  
    319.913.984   6%   39,45MB/s    0:01:48  
    352.092.160   7%   36,60MB/s    0:01:55  
    374.898.688   7%   32,21MB/s    0:02:11  
    397.705.216   8%   28,94MB/s    0:02:25  
    423.919.616   9%   24,22MB/s    0:02:52  
    449.347.584   9%   23,03MB/s    0:03:00  
    475.824.128  10%   23,82MB/s    0:02:53  
    493.649.920  10%   22,65MB/s    0:03:01  
